[    9366ms] [ERROR] Failed to load resource: the server responded with a status of 404 () @ https://digitalcontent.target.com/itemcontent/images/global/select-menu/dropdown_arrow.png:0
[    9384ms] [ERROR] Failed to load resource: the server responded with a status of 404 () @ https://digitalcontent.target.com/itemcontent/sizecharts/images/rugs-buying-guide-small.jpg:0
[    9385ms] [WARNING] document.domain mutation is ignored because the surrounding agent cluster is origin-keyed. @ https://digitalcontent.target.com/itemcontent/sizecharts/javascript/size-chart-fragment.js:1
[   11157ms] [WARNING] document.domain mutation is ignored because the surrounding agent cluster is origin-keyed. @ https://digitalcontent.target.com/itemcontent/sizecharts/javascript/size-chart-fragment.js:1
[   11185ms] [ERROR] Failed to load resource: the server responded with a status of 404 () @ https://digitalcontent.target.com/itemcontent/images/global/select-menu/dropdown_arrow.png:0
[   11201ms] [ERROR] Failed to load resource: the server responded with a status of 404 () @ https://digitalcontent.target.com/itemcontent/sizecharts/images/rugs-buying-guide-small.jpg:0
[  224334ms] [ERROR] Failed to load resource: the server responded with a status of 404 () @ https://digitalcontent.target.com/itemcontent/images/global/select-menu/dropdown_arrow.png:0
[  224353ms] [ERROR] Failed to load resource: the server responded with a status of 404 () @ https://digitalcontent.target.com/itemcontent/sizecharts/images/rugs-buying-guide-small.jpg:0
[  224374ms] [WARNING] document.domain mutation is ignored because the surrounding agent cluster is origin-keyed. @ https://digitalcontent.target.com/itemcontent/sizecharts/javascript/size-chart-fragment.js:1
[  226247ms] [WARNING] document.domain mutation is ignored because the surrounding agent cluster is origin-keyed. @ https://digitalcontent.target.com/itemcontent/sizecharts/javascript/size-chart-fragment.js:1
[  226248ms] [ERROR] Failed to load resource: the server responded with a status of 404 () @ https://digitalcontent.target.com/itemcontent/images/global/select-menu/dropdown_arrow.png:0
[  226257ms] [ERROR] Failed to load resource: the server responded with a status of 404 () @ https://digitalcontent.target.com/itemcontent/sizecharts/images/rugs-buying-guide-small.jpg:0
[  259848ms] [ERROR] Failed to load resource: the server responded with a status of 404 () @ https://digitalcontent.target.com/itemcontent/images/global/select-menu/dropdown_arrow.png:0
[  259866ms] [ERROR] Failed to load resource: the server responded with a status of 404 () @ https://digitalcontent.target.com/itemcontent/sizecharts/images/rugs-buying-guide-small.jpg:0
[  259910ms] [WARNING] document.domain mutation is ignored because the surrounding agent cluster is origin-keyed. @ https://digitalcontent.target.com/itemcontent/sizecharts/javascript/size-chart-fragment.js:1
[  261599ms] [WARNING] document.domain mutation is ignored because the surrounding agent cluster is origin-keyed. @ https://digitalcontent.target.com/itemcontent/sizecharts/javascript/size-chart-fragment.js:1
[  261616ms] [ERROR] Failed to load resource: the server responded with a status of 404 () @ https://digitalcontent.target.com/itemcontent/images/global/select-menu/dropdown_arrow.png:0
[  261790ms] [ERROR] Failed to load resource: the server responded with a status of 404 () @ https://digitalcontent.target.com/itemcontent/sizecharts/images/rugs-buying-guide-small.jpg:0
[  267037ms] [ERROR] Failed to load resource: net::ERR_CONNECTION_CLOSED @ https://rs.fullstory.com/rec/bundle/v2?OrgId=o-221JN4-na1&UserId=f1909492-b26b-4b2f-9acf-b67453795cc4&SessionId=8f1ff5d1-ad83-4acb-909f-2595cfc54981&PageId=a071e9c0-58e0-4e9b-a115-f2762ed7bde5&Seq=1&ClientTime=1780779376216&CompiledVersion=7e19699ef9b825e51fcdd3711a483618643d15b4&PageStart=1780779364622&PrevBundleTime=0:0
[  267042ms] [ERROR] Failed to load resource: net::ERR_CONNECTION_CLOSED @ https://rs.fullstory.com/rec/beacon?orgId=o-221JN4-na1&userId=f1909492-b26b-4b2f-9acf-b67453795cc4&sessionId=8f1ff5d1-ad83-4acb-909f-2595cfc54981:0
[  268145ms] [ERROR] Failed to load resource: net::ERR_SSL_PROTOCOL_ERROR @ https://cm-mx.advolve.io/pixel?google_gid=CAESEHi6sPUjxspi4_6jBrl1Voc&google_cver=1&google_push=AXcoOmRyTbpSF1gXM2YJ-bFnyFfubKILkPz88HNBFD209_hIhhoigoX-EJexY70UZjgJpKPaqxja4ADJzCljGan-Kou1MHGe1mL6Vg:0
