[    7594ms] [ERROR] Failed to load resource: net::ERR_TUNNEL_CONNECTION_FAILED @ https://cdn.attn.tv/tag/4-latest/unified-tag.js?v=4-latest_919e457b0b:0
[    9700ms] [ERROR] Failed to load resource: the server responded with a status of 404 () @ https://digitalcontent.target.com/itemcontent/images/global/select-menu/dropdown_arrow.png:0
[    9727ms] [ERROR] Failed to load resource: the server responded with a status of 404 () @ https://digitalcontent.target.com/itemcontent/sizecharts/images/rugs-buying-guide-small.jpg:0
[    9788ms] [WARNING] document.domain mutation is ignored because the surrounding agent cluster is origin-keyed. @ https://digitalcontent.target.com/itemcontent/sizecharts/javascript/size-chart-fragment.js:1
[    9800ms] [ERROR] Failed to load resource: the server responded with a status of 404 () @ https://digitalcontent.target.com/itemcontent/images/global/select-menu/dropdown_arrow.png:0
[    9842ms] [ERROR] Failed to load resource: net::ERR_TUNNEL_CONNECTION_FAILED @ https://events.attentivemobile.com/e?t=e&message=failed%20to%20load&v=4-latest_919e457b0b:0
[    9918ms] [ERROR] Failed to load resource: net::ERR_TUNNEL_CONNECTION_FAILED @ https://vtrk.dv.tech/?ec=dvtag&ea=ad-request&ctx=21728514&cmp=DV1026531&cd111=queue-timeout&cm106=0&cm107=869&cd112=modern&cd115=&cm116=0&cm108=5&cm109=0&cm110=0&cm111=1&cm112=3&cm113=0&cd102=8aaff73&cd103=&cd107=46b01e60-8264-4bdf-b394-459b8b398bb0&cd109=modern&cd200=com&cd108=&cd105=21728514&cd106=DV1026531&cd104=www.target.com&cd101=ad-request&cm101=1&cid=7954e445-881e-476c-9ff4-049ffe8220a0&t=event&v=1&z=7954e445-881e-476c-9ff4-049ffe8220a0&cd160=7954e445-881e-476c-9ff4-049ffe8220a0:0
[   10845ms] [ERROR] Failed to load resource: net::ERR_TUNNEL_CONNECTION_FAILED @ https://tpc.googlesyndication.com/simgad/6663154951922674679?:0
[   11033ms] [ERROR] Failed to load resource: net::ERR_TUNNEL_CONNECTION_FAILED @ https://tpc.googlesyndication.com/simgad/12791973202756480108?:0
[   11111ms] [ERROR] Failed to load resource: net::ERR_TUNNEL_CONNECTION_FAILED @ https://pagead2.googlesyndication.com/pagead/gen_204?id=av-js&type=reach&proto=CAlgAWACYANgBGgD:0
[   11159ms] [ERROR] Failed to load resource: net::ERR_TUNNEL_CONNECTION_FAILED @ https://pagead2.googlesyndication.com/pagead/gen_204?id=av-js&type=colleague-executed&name=4:0
[   11159ms] [ERROR] Failed to load resource: net::ERR_TUNNEL_CONNECTION_FAILED @ https://pagead2.googlesyndication.com/pagead/gen_204?id=av-js&type=colleague-executed&name=1:0
[   11216ms] [ERROR] Failed to load resource: net::ERR_TUNNEL_CONNECTION_FAILED @ https://pagead2.googlesyndication.com/pagead/gen_204?id=av-js&type=reach&proto=CAESDk9wZXJhdGlvbkVycm9yGpgBc2hhcmVkU3RvcmFnZS53b3JrbGV0LmFkZE1vZHVsZSBpcyBkaXNhYmxlZCBiZWNhdXNlIGVpdGhlciBzaGFyZWRTdG9yYWdlIGlzIGRpc2FibGVkIG9yIGJvdGggc2hhcmVkU3RvcmFnZS5zZWxlY3RVUkwgYW5kIHByaXZhdGVBZ2dyZWdhdGlvbiBhcmUgZGlzYWJsZWQ%3D:0
[   11266ms] [ERROR] Failed to load resource: net::ERR_TUNNEL_CONNECTION_FAILED @ https://pub.dv.tech/display-omnitag/21728514/DV503696/pub.js:0
[   11309ms] [ERROR] Failed to load resource: net::ERR_TUNNEL_CONNECTION_FAILED @ https://pagead2.googlesyndication.com/pagead/gen_204?id=av-js&type=reach&proto=CAIgATpBbW9kZWxfcGVyc29uX2NvdW50cnlfY29kZV9VU19wZXJzb25fcmVnaW9uX2NvZGVfNDc0MTVmMzUzMjM0Lmpzb25IyAFSGkNKcjhpTE83ODVRREZkREswZ1FkS1ZzOXVRWioImBYQl6UBGNb7PSD%2F%2FqgEKAIwAjgBXc3MzD5gzJ4M6gEICF8YXyBGKDc%3D:0
[   11514ms] [WARNING] document.domain mutation is ignored because the surrounding agent cluster is origin-keyed. @ https://digitalcontent.target.com/itemcontent/sizecharts/javascript/size-chart-fragment.js:1
[   11548ms] [ERROR] Failed to load resource: the server responded with a status of 404 () @ https://digitalcontent.target.com/itemcontent/images/global/select-menu/dropdown_arrow.png:0
[   11567ms] [ERROR] Failed to load resource: the server responded with a status of 404 () @ https://digitalcontent.target.com/itemcontent/sizecharts/images/rugs-buying-guide-small.jpg:0
[   11579ms] [ERROR] Failed to load resource: net::ERR_TUNNEL_CONNECTION_FAILED @ https://rs.fullstory.com/rec/bundle/v2?OrgId=o-221JN4-na1&UserId=f1909492-b26b-4b2f-9acf-b67453795cc4&SessionId=8f1ff5d1-ad83-4acb-909f-2595cfc54981&PageId=aba63f1c-2657-4e70-9d9a-f3e84c1a7fb2&Seq=1&ClientTime=1780778105856&CompiledVersion=7e19699ef9b825e51fcdd3711a483618643d15b4&PageStart=1780778103251&PrevBundleTime=0&LastActivity=2346&ContentEncoding=gzip:0
[   12123ms] [ERROR] Failed to load resource: net::ERR_TUNNEL_CONNECTION_FAILED @ https://tps.doubleverify.com/visit.js?gdpr=&gdpr_consent=&flvr=1&ttmms=25&ttfrms=32&brid=3&brver=146.0.0.0&bridua=3&bds=1&tstype=2&eparams=DC4FC%3Dl9EEADTbpTauTauHHH%5DE2C86E%5D4%40%3ETauATau%3D6G%3A%5CD%5C%3E6%3F%5CD%5Ccdc%5CC6%3D2I65%5C7%3AE%5C%60_%5CD9%40CEDTau%5CTaup%5Chd__ghhdU2%3F4r92%3A%3Fl9EEADTbpTauTauHHH%5DE2C86E%5D4%40%3ETar9EEADTbpTauTauHHH%5DE2C86E%5D4%40%3EU42%3FFC%3Dl9EEADTbpTauTauHHH%5DE2C86E%5D4%40%3ETauATau%3D6G%3A%5CD%5C%3E6%3F%5CD%5Ccdc%5CC6%3D2I65%5C7%3AE%5C%60_%5CD9%40CEDTau%5CTaup%5Chd__ghhd&srcurlD=0&aUrlD=0&ssl=https:&dfs=143&ddur=1016&uid=1780778106390665&jsCallback=dvCallback_1780778106390395&dvtagver=6.1.src&navUa=Mozilla%2F5.0%20(Windows%20NT%2010.0%3B%20Win64%3B%20x64)%20AppleWebKit%2F537.36%20(KHTML%2C%20like%20Gecko)%20Chrome%2F146.0.0.0%20Safari%2F537.36&htmlmsging=1&chro=1&hist=13&winh=931&winw=929&wouh=1060&wouw=945&scah=1080&scaw=1920&tgjsver=9980&lvvn=28&m1=96&refD=1&referrer=https%3A%2F%2Fwww.target.com%2Fp%2Flevi-s-men-s-454-relaxed-fit-10-shorts%2F-%2FA-95008995&fwc=0&fcl=4287&flt=0&fec=1412&fcifrms=4&brh=13&dvp_epl=380&noc=4&nav_pltfrm=Win32&ctx=21728514&cmp=DV503696&btreg=7461c192-b446-4b31-8653-6fe688429544&btadsrv=7461c192-b446-4b31-8653-6fe688429544&adsrv=104&jsver=9980&unit=300x250&turl=https%3A%2F%2Fwww.target.com%2Fp%2Flevi-s-men-s-454-relaxed-fit-10-shorts%2F-%2FA-95008995&seltag=1&sadv=24321326&ord=3932702354&litm=7234243595&scrt=138546564408&splc=/7079046/tgt/rdihz/18y1l/5xu29/5xu27&adu=23184256220&spos=btf&c1=productdetails&c3=productdetailsbtf_02c7995594bf&c6=bsc,ids&c8=0&errorURL=https://tps.doubleverify.com/visit.jpg&mib=0&dvp_uptpid=46b01e60-8264-4bdf-b394-459b8b398bb0&dvp_uptsid=294a3750-5b7b-47cb-8181-77de35193994&dvp_uptsacnt=1&dvp_qtpid=46b01e60-8264-4bdf-b394-459b8b398bb0&dvp_pubuaf=0&t2te=0&blk=0&dvp_pubaap=0&dvp_uptbcid=7.1.1&dvp_rcp=2&dvp_htec=1&dvp_seem=2&dvp_tuk=1&dvp_sukv=173534970.19853497&ee_dp_sukv=173534970.19853497&dvp_tukv=1059525488889.6833&ee_dp_tukv=1059525488889.6833&dvp_tuid=1111744136265&ee_dp_vjeg=0&jurtd=1012745292:0
[   11216ms] [ERROR] Failed to load resource: net::ERR_TUNNEL_CONNECTION_FAILED @ https://pagead2.googlesyndication.com/pagead/gen_204?id=av-js&type=reach&proto=CAESDk9wZXJhdGlvbkVycm9yGpgBc2hhcmVkU3RvcmFnZS53b3JrbGV0LmFkZE1vZHVsZSBpcyBkaXNhYmxlZCBiZWNhdXNlIGVpdGhlciBzaGFyZWRTdG9yYWdlIGlzIGRpc2FibGVkIG9yIGJvdGggc2hhcmVkU3RvcmFnZS5zZWxlY3RVUkwgYW5kIHByaXZhdGVBZ2dyZWdhdGlvbiBhcmUgZGlzYWJsZWQ%3D:0
[   11309ms] [ERROR] Failed to load resource: net::ERR_TUNNEL_CONNECTION_FAILED @ https://pagead2.googlesyndication.com/pagead/gen_204?id=av-js&type=reach&proto=CAIgATpBbW9kZWxfcGVyc29uX2NvdW50cnlfY29kZV9VU19wZXJzb25fcmVnaW9uX2NvZGVfNDc0MTVmMzUzMjM0Lmpzb25IyAFSGkNKcjhpTE83ODVRREZkREswZ1FkS1ZzOXVRWioImBYQl6UBGNb7PSD%2F%2FqgEKAIwAjgBXc3MzD5gzJ4M6gEICF8YXyBGKDc%3D:0
[   12792ms] [ERROR] Failed to load resource: net::ERR_TUNNEL_CONNECTION_FAILED @ https://securepubads.g.doubleclick.net/pcs/view?xai=AKAOjstr1nsd2yBWCO68XkE3O_ixmsXHbRLjiYhE2wwUKpBnBcYt303u025ThrX6PHnkX2QAttXddRzeSDP7AeIDFe6e5_1IEoFFv-pYkloUjfZuh37z5pdOI68l4KIiQSTFh5JcnsSROXA-n-JTjasRDkEx9V-ICCkSL6ViaojheInrC_TTrFnrwEt_q8a400OOgSgSc6uAr46SCiMJpVTx_ugNrznpZc36rs5CsqI_OG6UWS5btBC0QyKE9OeKY3pcaD8EykiPAsGVfVwgai9q44lw5Z59BVbXSBneNap3lmnnHoQih0zxiAev5y1BzcJBAxWEe2ity_SShwuQ8pqbE953dnFki3uuMBDFO07AcXUmn7NnXoZKEpDK3H26UopAmjAgtwt2i1TjyjWuRQt_pfTIXnwwb3vMY1Cji-aKLi2V3w&sai=AMfl-YSWuUUcx2zDHWK9ZXpS9bwkLRyjf0N6njll9H2kXMuuPqa_YVA7kfA3Ha75ixtyVLkkISsCdBQ8BTEYzYYwJ34O-MjBntp7INLDrATRdwCVJM_Cs5Os84qPZgsLSBBMD73taqBKwmI1zReOFnZbuT4kG0m6XYf0SHUxl69_h2mgopIUBTOUFr-rpIQ7mza0Oqf78dLRZKbJEoYUi7_H3D893UIhh3Y7srjMvHmfWUJLdGEA38abMV2py0f-_ANeDy78Tx_LyT70BZhJI5L2rW7UYSTu25sd4PX0x7xAiyP2XaVbdy4WeW_C9W1-zE7kCJCSUrvBygi84iGNBW-q9cgsSO6OhFbLKDWRnnJN16kPuZaRueZO03vlIdVI8z7bIRo7yIYZyuCUIJc&sig=Cg0ArKJSzD2vzGiutYPeEAE&uach_m=%5BUACH%5D&urlfix=1&adurl=:0
[   12985ms] [ERROR] Failed to load resource: net::ERR_TUNNEL_CONNECTION_FAILED @ https://pagead2.googlesyndication.com/pagead/gen_204?id=av-js&type=colleague-executed&name=4:0
[   13050ms] [ERROR] Failed to load resource: net::ERR_TUNNEL_CONNECTION_FAILED @ https://pagead2.googlesyndication.com/pagead/gen_204?id=av-js&type=reach&proto=CAESDk9wZXJhdGlvbkVycm9yGpgBc2hhcmVkU3RvcmFnZS53b3JrbGV0LmFkZE1vZHVsZSBpcyBkaXNhYmxlZCBiZWNhdXNlIGVpdGhlciBzaGFyZWRTdG9yYWdlIGlzIGRpc2FibGVkIG9yIGJvdGggc2hhcmVkU3RvcmFnZS5zZWxlY3RVUkwgYW5kIHByaXZhdGVBZ2dyZWdhdGlvbiBhcmUgZGlzYWJsZWQ%3D:0
[   13093ms] [ERROR] Failed to load resource: net::ERR_TUNNEL_CONNECTION_FAILED @ https://pagead2.googlesyndication.com/pagead/gen_204?id=av-js&type=fle-fetch-start2:0
[   13471ms] [ERROR] Failed to load resource: net::ERR_TUNNEL_CONNECTION_FAILED @ https://securepubads.g.doubleclick.net/pcs/view?xai=AKAOjsukmpX-URWgFkrSe9sr08kb7icqhbdNvjp9_5Uv4rTF6y0Exctdasj5PeYqEnMTL73I_vqFJYRAlXuoV0RJFdO5-bbfCjfuEqWBGEyVHC7ZeXvUtj8pHLt_HyVYRuILcE3G9633ZutRdsDo821re_UWUkqHbZUmvtyC7b4OvgKCgKhlG8hOi8tn4AIPx1joDgwCqNGlwsoBoq49eVbrUEpERP3O6PErQ-bw-q3mTltwZ0jOq3WQ_JAT_oDPcCiOJggM1b-3fIwrZ_lGcWuOzB2oml6EI3_xbB94bObcVYAF2NrR96u7VMVzu4qfcHj0BCD8B18hmlCFDfMIRJp7Q_IIq8Ad-TN7zSN4X5riLtUPimxLOJ0bnMPART-YrGuvisgn48_7Tbb4S-f54q5Ls_IxoD4MfZochyvFECq-MlGjXcrS&sai=AMfl-YTcfZCHgplXddP7iDUz7hX35AJSWGpppzQSludYVjMH9_LOMvuL3jQF9MndCSAwRlLjfzmzQNhYUZRyIeUgZRXKKzgk5EPccs3y5ZunEdzp0_Y6o7KNcIyV1ROEoZAWthgTLbN9pM_Bh9Qok_25CUQhvrE5qq-9B5ZuBzxJSV9Y9UDFR_TT0y9vQShz-g_koG9liwRuoRyMaUFpUL7qFtaTkRhHe6ygln1PgPQ1LwQ-DBf_uCoFX1HQ57y57kIXKoNJy_tPLT5CTWQMeP6FdLClR-UJKHvoeBRipKi-UfGkhJpLpWZfOYdfuQpOI_XER1-1qAyPkNnlIQwhpUBRsIKkkaDnN4RvoaDp8V5GOZrHb7Gi6nNGS9SdTfN7jf_EPu9x0kjTSQfO7GE&sig=Cg0ArKJSzEcLZ19DchaqEAE&uach_m=%5BUACH%5D&urlfix=1&dett=2&adurl=:0
[   13867ms] [ERROR] Failed to load resource: net::ERR_TUNNEL_CONNECTION_FAILED @ https://securepubads.g.doubleclick.net/pcs/view?xai=AKAOjstr1nsd2yBWCO68XkE3O_ixmsXHbRLjiYhE2wwUKpBnBcYt303u025ThrX6PHnkX2QAttXddRzeSDP7AeIDFe6e5_1IEoFFv-pYkloUjfZuh37z5pdOI68l4KIiQSTFh5JcnsSROXA-n-JTjasRDkEx9V-ICCkSL6ViaojheInrC_TTrFnrwEt_q8a400OOgSgSc6uAr46SCiMJpVTx_ugNrznpZc36rs5CsqI_OG6UWS5btBC0QyKE9OeKY3pcaD8EykiPAsGVfVwgai9q44lw5Z59BVbXSBneNap3lmnnHoQih0zxiAev5y1BzcJBAxWEe2ity_SShwuQ8pqbE953dnFki3uuMBDFO07AcXUmn7NnXoZKEpDK3H26UopAmjAgtwt2i1TjyjWuRQt_pfTIXnwwb3vMY1Cji-aKLi2V3w&sai=AMfl-YSWuUUcx2zDHWK9ZXpS9bwkLRyjf0N6njll9H2kXMuuPqa_YVA7kfA3Ha75ixtyVLkkISsCdBQ8BTEYzYYwJ34O-MjBntp7INLDrATRdwCVJM_Cs5Os84qPZgsLSBBMD73taqBKwmI1zReOFnZbuT4kG0m6XYf0SHUxl69_h2mgopIUBTOUFr-rpIQ7mza0Oqf78dLRZKbJEoYUi7_H3D893UIhh3Y7srjMvHmfWUJLdGEA38abMV2py0f-_ANeDy78Tx_LyT70BZhJI5L2rW7UYSTu25sd4PX0x7xAiyP2XaVbdy4WeW_C9W1-zE7kCJCSUrvBygi84iGNBW-q9cgsSO6OhFbLKDWRnnJN16kPuZaRueZO03vlIdVI8z7bIRo7yIYZyuCUIJc&sig=Cg0ArKJSzD2vzGiutYPeEAE&uach_m=%5BUACH%5D&urlfix=1&adurl=:0
[   14131ms] [ERROR] Failed to load resource: net::ERR_TUNNEL_CONNECTION_FAILED @ https://cdn.doubleverify.com/redirect/?host=tpsc-ue1&param=akipv6&impid=71832a348d244b5cba125b0b8fa4eac8&dup=&eoid=1000:0
[   17545ms] [ERROR] Failed to load resource: net::ERR_TUNNEL_CONNECTION_FAILED @ https://ep1.adtrafficquality.google/getconfig/sodar?sv=200&tid=gpt&tv=m202606020101&st=env&sjk=303693368596317:0
[   17647ms] [ERROR] Failed to load resource: net::ERR_TUNNEL_CONNECTION_FAILED @ https://analytics-fe.digital-cloud.medallia.com/api/web/events:0
[   17769ms] [ERROR] Failed to load resource: net::ERR_TUNNEL_CONNECTION_FAILED @ https://analytics-fe.digital-cloud.medallia.com/api/web/events:0
[   17803ms] [ERROR] Failed to load resource: net::ERR_TUNNEL_CONNECTION_FAILED @ https://analytics-fe.digital-cloud.medallia.com/api/web/events:0
[   19010ms] [ERROR] Failed to load resource: net::ERR_TUNNEL_CONNECTION_FAILED @ https://rs.fullstory.com/rec/bundle/v2?OrgId=o-221JN4-na1&UserId=f1909492-b26b-4b2f-9acf-b67453795cc4&SessionId=8f1ff5d1-ad83-4acb-909f-2595cfc54981&PageId=aba63f1c-2657-4e70-9d9a-f3e84c1a7fb2&Seq=1&ClientTime=1780778113345&CompiledVersion=7e19699ef9b825e51fcdd3711a483618643d15b4&PageStart=1780778103251&PrevBundleTime=0&LastActivity=1226&ContentEncoding=gzip:0
[   36681ms] [ERROR] Failed to load resource: net::ERR_TUNNEL_CONNECTION_FAILED @ https://rs.fullstory.com/rec/bundle/v2?OrgId=o-221JN4-na1&UserId=f1909492-b26b-4b2f-9acf-b67453795cc4&SessionId=8f1ff5d1-ad83-4acb-909f-2595cfc54981&PageId=aba63f1c-2657-4e70-9d9a-f3e84c1a7fb2&Seq=1&ClientTime=1780778128351&CompiledVersion=7e19699ef9b825e51fcdd3711a483618643d15b4&PageStart=1780778103251&PrevBundleTime=0&LastActivity=1020&ContentEncoding=gzip:0
[   59083ms] [ERROR] Failed to load resource: net::ERR_TUNNEL_CONNECTION_FAILED @ https://rs.fullstory.com/rec/bundle/v2?OrgId=o-221JN4-na1&UserId=f1909492-b26b-4b2f-9acf-b67453795cc4&SessionId=8f1ff5d1-ad83-4acb-909f-2595cfc54981&PageId=aba63f1c-2657-4e70-9d9a-f3e84c1a7fb2&Seq=1&ClientTime=1780778153339&CompiledVersion=7e19699ef9b825e51fcdd3711a483618643d15b4&PageStart=1780778103251&PrevBundleTime=0&LastActivity=22509&ContentEncoding=gzip:0
[  101158ms] [ERROR] Failed to load resource: the server responded with a status of 403 () @ https://redsky.target.com/redsky_aggregations/v1/web/store_location_v1?store_id=2151&key=a770bb029cbcb909b2d00ef9a5291f7189a4ef19&visitor_id=019E9E8E84CB02008E0546BB95339DAD&channel=WEB&page=%2Faccount:0
[  101990ms] [ERROR] Failed to load resource: the server responded with a status of 403 () @ https://redsky.target.com/redsky_aggregations/v1/web/nearby_stores_v1?limit=5&within=100&place=91709&key=a770bb029cbcb909b2d00ef9a5291f7189a4ef19&visitor_id=019E9E8E84CB02008E0546BB95339DAD&channel=WEB&page=%2Faccount:0
[  103053ms] [ERROR] Failed to load resource: net::ERR_TUNNEL_CONNECTION_FAILED @ https://cdn.attn.tv/tag/4-latest/unified-tag.js?v=4-latest_919e457b0b:0
[  103512ms] [ERROR] Failed to load resource: net::ERR_TUNNEL_CONNECTION_FAILED @ https://rs.fullstory.com/rec/page:0
[  104509ms] [ERROR] Failed to load resource: the server responded with a status of 403 () @ https://redsky.target.com/redsky_aggregations/v1/web/nearby_stores_v1?limit=5&within=100&place=91709&key=a770bb029cbcb909b2d00ef9a5291f7189a4ef19&visitor_id=019E9E8E84CB02008E0546BB95339DAD&channel=WEB&page=%2Faccount:0
[  104627ms] [ERROR] Permissions policy violation: accelerometer is not allowed in this document. @ https://p.toadmash.net/1780774284/64127419-4543-4692-bac2-15b3eb9d8839.js:0
[  104627ms] [WARNING] The devicemotion events are blocked by permissions policy. See https://github.com/w3c/webappsec-permissions-policy/blob/master/features.md#sensor-features @ https://p.toadmash.net/1780774284/64127419-4543-4692-bac2-15b3eb9d8839.js:0
[  104628ms] [ERROR] Permissions policy violation: accelerometer is not allowed in this document. @ https://p.toadmash.net/1780774284/64127419-4543-4692-bac2-15b3eb9d8839.js:0
[  104628ms] [WARNING] The deviceorientation events are blocked by permissions policy. See https://github.com/w3c/webappsec-permissions-policy/blob/master/features.md#sensor-features @ https://p.toadmash.net/1780774284/64127419-4543-4692-bac2-15b3eb9d8839.js:0
[  104961ms] [ERROR] Failed to load resource: the server responded with a status of 403 () @ https://redsky.target.com/redsky_aggregations/v1/web/product_fulfillment_v1?key=9f36aeafbe60771e321a7cc95a78140772ab3e96&tcin=95298172&store_id=1859&zip=10001&state=NY&latitude=40.7128&longitude=-74.006&pricing_store_id=1859&has_pricing_store_id=true&is_bot=false:0
[  105646ms] [ERROR] Permissions policy violation: accelerometer is not allowed in this document. @ https://p.toadmash.net/1780777550/4214effe-af59-4785-97b7-ef4870fd8ff4.js:0
[  105646ms] [WARNING] The devicemotion events are blocked by permissions policy. See https://github.com/w3c/webappsec-permissions-policy/blob/master/features.md#sensor-features @ https://p.toadmash.net/1780777550/4214effe-af59-4785-97b7-ef4870fd8ff4.js:0
[  105646ms] [ERROR] Permissions policy violation: accelerometer is not allowed in this document. @ https://p.toadmash.net/1780777550/4214effe-af59-4785-97b7-ef4870fd8ff4.js:0
[  105646ms] [WARNING] The deviceorientation events are blocked by permissions policy. See https://github.com/w3c/webappsec-permissions-policy/blob/master/features.md#sensor-features @ https://p.toadmash.net/1780777550/4214effe-af59-4785-97b7-ef4870fd8ff4.js:0
[  106410ms] [ERROR] Permissions policy violation: bluetooth is not allowed in this document. @ https://p.toadmash.net/1780777550/4214effe-af59-4785-97b7-ef4870fd8ff4.js:0
[  109482ms] [ERROR] Failed to load resource: net::ERR_TUNNEL_CONNECTION_FAILED @ https://analytics-fe.digital-cloud.medallia.com/api/web/events:0
[  114908ms] [ERROR] Failed to load resource: net::ERR_TUNNEL_CONNECTION_FAILED @ https://cdn.attn.tv/tag/4-latest/unified-tag.js?v=4-latest_919e457b0b:0
[  115372ms] [ERROR] Failed to load resource: net::ERR_TUNNEL_CONNECTION_FAILED @ https://rs.fullstory.com/rec/page:0
[  883163ms] [ERROR] Failed to load resource: the server responded with a status of 404 () @ https://digitalcontent.target.com/itemcontent/images/global/select-menu/dropdown_arrow.png:0
[  883179ms] [ERROR] Failed to load resource: the server responded with a status of 404 () @ https://digitalcontent.target.com/itemcontent/sizecharts/images/rugs-buying-guide-small.jpg:0
[  883201ms] [WARNING] document.domain mutation is ignored because the surrounding agent cluster is origin-keyed. @ https://digitalcontent.target.com/itemcontent/sizecharts/javascript/size-chart-fragment.js:1
[  884748ms] [WARNING] document.domain mutation is ignored because the surrounding agent cluster is origin-keyed. @ https://digitalcontent.target.com/itemcontent/sizecharts/javascript/size-chart-fragment.js:1
[  884778ms] [ERROR] Failed to load resource: the server responded with a status of 404 () @ https://digitalcontent.target.com/itemcontent/images/global/select-menu/dropdown_arrow.png:0
[  884791ms] [ERROR] Failed to load resource: the server responded with a status of 404 () @ https://digitalcontent.target.com/itemcontent/sizecharts/images/rugs-buying-guide-small.jpg:0
[  949533ms] [ERROR] Failed to load resource: the server responded with a status of 404 () @ https://digitalcontent.target.com/itemcontent/images/global/select-menu/dropdown_arrow.png:0
[  949544ms] [ERROR] Failed to load resource: the server responded with a status of 404 () @ https://digitalcontent.target.com/itemcontent/sizecharts/images/rugs-buying-guide-small.jpg:0
[  949576ms] [WARNING] document.domain mutation is ignored because the surrounding agent cluster is origin-keyed. @ https://digitalcontent.target.com/itemcontent/sizecharts/javascript/size-chart-fragment.js:1
[  949590ms] [ERROR] Failed to load resource: the server responded with a status of 404 () @ https://digitalcontent.target.com/itemcontent/images/global/select-menu/dropdown_arrow.png:0
[  951543ms] [ERROR] Failed to load resource: the server responded with a status of 404 () @ https://digitalcontent.target.com/itemcontent/images/global/select-menu/dropdown_arrow.png:0
[  951637ms] [ERROR] Failed to load resource: the server responded with a status of 404 () @ https://digitalcontent.target.com/itemcontent/sizecharts/images/rugs-buying-guide-small.jpg:0
[  951638ms] [WARNING] document.domain mutation is ignored because the surrounding agent cluster is origin-keyed. @ https://digitalcontent.target.com/itemcontent/sizecharts/javascript/size-chart-fragment.js:1
[  951728ms] [ERROR] Failed to load resource: the server responded with a status of 404 () @ https://digitalcontent.target.com/itemcontent/images/global/select-menu/dropdown_arrow.png:0
[ 1012731ms] [WARNING] document.domain mutation is ignored because the surrounding agent cluster is origin-keyed. @ https://digitalcontent.target.com/itemcontent/sizecharts/javascript/size-chart-fragment.js:1
[ 1012836ms] [ERROR] Failed to load resource: the server responded with a status of 404 () @ https://digitalcontent.target.com/itemcontent/images/global/select-menu/dropdown_arrow.png:0
[ 1012855ms] [ERROR] Failed to load resource: the server responded with a status of 404 () @ https://digitalcontent.target.com/itemcontent/sizecharts/images/rugs-buying-guide-small.jpg:0
[ 1013249ms] [WARNING] document.domain mutation is ignored because the surrounding agent cluster is origin-keyed. @ https://digitalcontent.target.com/itemcontent/sizecharts/javascript/size-chart-fragment.js:1
[ 1013326ms] [ERROR] Failed to load resource: the server responded with a status of 404 () @ https://digitalcontent.target.com/itemcontent/images/global/select-menu/dropdown_arrow.png:0
[ 1013346ms] [ERROR] Failed to load resource: the server responded with a status of 404 () @ https://digitalcontent.target.com/itemcontent/sizecharts/images/rugs-buying-guide-small.jpg:0
